
> web@0.0.0 build D:\project\my-fullstack-project\apps\web
> next build

   ▲ Next.js 14.1.0

   Creating an optimized production build ...
 ✓ Compiled successfully
   Linting and checking validity of types ...
   Collecting page data ...
   Generating static pages (0/5) ...
   Generating static pages (1/5) 
   Generating static pages (2/5) 
   Generating static pages (3/5) 
 ✓ Generating static pages (5/5) 
   Finalizing page optimization ...
   Collecting build traces ...

Route (app)                              Size     First Load JS
┌ ○ /                                    141 B          84.3 kB
├ ○ /_not-found                          882 B            85 kB
└ ○ /tailwind-demo                       141 B          84.3 kB
+ First Load JS shared by all            84.1 kB
  ├ chunks/37e723a9-a1e2a5bdaa70be75.js  53.4 kB
  ├ chunks/887-8cad696a38a28063.js       28.9 kB
  └ other shared chunks (total)          1.86 kB


○  (Static)  prerendered as static content

